// Jest Snapshot v1, https://goo.gl/fbAQLP

exports[`<HomepageHeader/> renders <HomepageHeader /> component 1`] = `""`;
