// Jest Snapshot v1, https://goo.gl/fbAQLP

exports[`<AdminSidebar/> renders <AdminSidebar /> component 1`] = `""`;
