// Jest Snapshot v1, https://goo.gl/fbAQLP

exports[`<AdminHeader/> renders <AdminHeader /> component 1`] = `""`;
