// Jest Snapshot v1, https://goo.gl/fbAQLP

exports[`<BorrowList/> renders <BorrowList /> component 1`] = `
<div
  className="row"
>
  <div
    className="section"
  >
    <h4
      style={
        Object {
          "marginTop": "7%",
        }
      }
    >
      Borrowed Books
    </h4>
  </div>
  <div
    className="divider"
    style={
      Object {
        "marginBottom": "3.5%",
        "marginTop": "-2.5%",
        "width": "100%",
      }
    }
  />
  <div
    className="row"
  >
    <table
      className="bordered highlight"
    >
      <thead
        className="black white-text"
      >
        <tr>
          <th>
            Book Name
          </th>
          <th>
            Category
          </th>
          <th>
            Borrower
          </th>
          <th>
            Date
          </th>
          <th>
            Return_status
          </th>
          <th>
            Confirm_Borrow
          </th>
        </tr>
      </thead>
      <tbody>
        <userBorrowList
          borrower="mmmm"
          clickedBorrowList={Array []}
          confirmBorrow={[Function]}
          key="0"
        />
      </tbody>
    </table>
  </div>
  <div
    className="row"
  >
    <Pagination
      activePage={1}
      items={1}
      onSelect={[Function]}
    />
  </div>
</div>
`;
