// Jest Snapshot v1, https://goo.gl/fbAQLP

exports[`<Homepage/> renders <Homepage/> component 1`] = `
<div
  className="row main-row main-div"
>
  <HomepageHeader
    btnText={false}
  />
  <div
    className="section no-pad-bot"
    id="index-banner"
  >
    <div
      className="container textContent"
    >
      <div
        className="row"
      >
        <HomepageStatement />
      </div>
    </div>
  </div>
</div>
`;
