// Jest Snapshot v1, https://goo.gl/fbAQLP

exports[`<LoginPage/> renders <LoginPage /> component 1`] = `
<div
  className="row main-row main-div"
>
  <HomepageHeader
    btnText={false}
  />
  <div
    className="section no-pad-bot"
    id="index-banner"
  >
    <div
      className="container textContent"
    >
      <div
        className="row"
      >
        <div
          className="col s8 offset-s2 sloginContent"
        >
          <br />
          <br />
          <Connect(LoginForm) />
          <h6
            className="infoText"
          >
            No account yet...?
            <Link
              onlyActiveOnIndex={false}
              style={Object {}}
              to="/Register"
            >
              Register
            </Link>
          </h6>
          <br />
          <br />
        </div>
      </div>
    </div>
  </div>
</div>
`;
