// Jest Snapshot v1, https://goo.gl/fbAQLP

exports[`<PageNotFound/> renders <PageNotFound/> component 1`] = `
<div>
  <div
    className="pageNotFound"
  />
</div>
`;
