// Jest Snapshot v1, https://goo.gl/fbAQLP

exports[`<UserSidebar/> renders <UserSidebar /> component 1`] = `""`;
