// Jest Snapshot v1, https://goo.gl/fbAQLP

exports[`<UserHeader/> renders <UserHeader /> component 1`] = `""`;
